<?xml version="1.0" encoding="UTF-8"?>
<TestRun id="f4794364-7bbe-4ec7-8039-210c046ddd8f" name="dhammmie@DHAMMMIE-PC 2012-04-15 17:10:30" runUser="DHAMMMIE-PC\dhammmie" xmlns="http://microsoft.com/schemas/VisualStudio/TeamTest/2010">
  <TestSettings name="Local" id="6c3cd39d-bb03-4696-86f9-e133fe9b21db">
    <Description>These are default test settings for a local test run.</Description>
    <Deployment enabled="false" runDeploymentRoot="dhammmie_DHAMMMIE-PC 2012-04-15 17_10_30">
      <DeploymentItem filename="C:\Users\dhammmie\Documents\DIS Coursework\CosmeticsLibrary\CosmeticsLibrary\bin\Debug\CosmeticsLibrary.dll" />
    </Deployment>
    <Execution>
      <TestTypeSpecific />
      <AgentRule name="Execution Agents">
      </AgentRule>
    </Execution>
  </TestSettings>
  <Times creation="2012-04-15T17:10:30.3192046+07:00" queuing="2012-04-15T17:10:30.4362113+07:00" start="2012-04-15T17:10:30.4702132+07:00" finish="2012-04-15T17:10:31.6052781+07:00" />
  <ResultSummary outcome="Completed">
    <Counters total="1" executed="1" passed="1" error="0" failed="0" timeout="0" aborted="0" inconclusive="0" passedButRunAborted="0" notRunnable="0" notExecuted="0" disconnected="0" warning="0" completed="0" inProgress="0" pending="0" />
  </ResultSummary>
  <TestDefinitions>
    <UnitTest name="AuthenticateTest" storage="c:\users\dhammmie\documents\dis coursework\cosmeticslibrary\testgetlistoforder\bin\debug\testgetlistoforder.dll" id="8d77021f-6aae-601c-1a1e-ecf48e1dec24">
      <Execution id="74045c9f-4f32-442e-8c85-b3d3b23e68f5" />
      <TestMethod codeBase="C:/Users/dhammmie/Documents/DIS Coursework/CosmeticsLibrary/TestGetListofOrder/bin/Debug/TestGetListofOrder.DLL" adapterTypeName="Microsoft.VisualStudio.TestTools.TestTypes.Unit.UnitTestAdapter, Microsoft.VisualStudio.QualityTools.Tips.UnitTest.Adapter, Version=10.0.0.0, Culture=neutral, PublicKeyToken=b03f5f7f11d50a3a" className="TestGetListofOrder.SaleStaffDAOTest, TestGetListofOrder, Version=1.0.0.0, Culture=neutral, PublicKeyToken=null" name="AuthenticateTest" />
    </UnitTest>
  </TestDefinitions>
  <TestLists>
    <TestList name="Results Not in a List" id="8c84fa94-04c1-424b-9868-57a2d4851a1d" />
    <TestList name="All Loaded Results" id="19431567-8539-422a-85d7-44ee4e166bda" />
  </TestLists>
  <TestEntries>
    <TestEntry testId="8d77021f-6aae-601c-1a1e-ecf48e1dec24" executionId="74045c9f-4f32-442e-8c85-b3d3b23e68f5" testListId="8c84fa94-04c1-424b-9868-57a2d4851a1d" />
  </TestEntries>
  <Results>
    <UnitTestResult executionId="74045c9f-4f32-442e-8c85-b3d3b23e68f5" testId="8d77021f-6aae-601c-1a1e-ecf48e1dec24" testName="AuthenticateTest" computerName="DHAMMMIE-PC" duration="00:00:00.2082603" startTime="2012-04-15T17:10:30.7282280+07:00" endTime="2012-04-15T17:10:31.5252735+07:00" testType="13cdc9d9-ddb5-4fa4-a97d-d965ccfc6d4b" outcome="Passed" testListId="8c84fa94-04c1-424b-9868-57a2d4851a1d" relativeResultsDirectory="74045c9f-4f32-442e-8c85-b3d3b23e68f5">
    </UnitTestResult>
  </Results>
</TestRun>