<?xml version="1.0" encoding="UTF-8"?>
<TestRun id="e769d6fc-ade7-4616-80f8-4ef051348b15" name="dhammmie@DHAMMMIE-PC 2012-04-15 18:03:05" runUser="DHAMMMIE-PC\dhammmie" xmlns="http://microsoft.com/schemas/VisualStudio/TeamTest/2010">
  <TestSettings name="Local" id="6c3cd39d-bb03-4696-86f9-e133fe9b21db">
    <Description>These are default test settings for a local test run.</Description>
    <Deployment enabled="false" runDeploymentRoot="dhammmie_DHAMMMIE-PC 2012-04-15 18_03_05">
      <DeploymentItem filename="C:\Users\dhammmie\Documents\DIS Coursework\CosmeticsLibrary\CosmeticsLibrary\bin\Debug\CosmeticsLibrary.dll" />
    </Deployment>
    <Execution>
      <TestTypeSpecific />
      <AgentRule name="Execution Agents">
      </AgentRule>
    </Execution>
  </TestSettings>
  <Times creation="2012-04-15T18:03:05.7826867+07:00" queuing="2012-04-15T18:03:06.0357012+07:00" start="2012-04-15T18:03:06.2397129+07:00" finish="2012-04-15T18:03:07.0047566+07:00" />
  <ResultSummary outcome="Failed">
    <Counters total="1" executed="1" error="0" failed="1" timeout="0" aborted="0" inconclusive="0" passedButRunAborted="0" notRunnable="0" notExecuted="0" disconnected="0" warning="0" passed="0" completed="0" inProgress="0" pending="0" />
  </ResultSummary>
  <TestDefinitions>
    <UnitTest name="CreateLocalOrderTest1" storage="c:\users\dhammmie\documents\dis coursework\cosmeticslibrary\testgetlistoforder\bin\debug\testgetlistoforder.dll" id="568dbc47-0d9c-1400-2271-bceeb3d3583b">
      <Execution id="3a838a97-42d5-4d26-b641-9d175638ca10" />
      <TestMethod codeBase="C:/Users/dhammmie/Documents/DIS Coursework/CosmeticsLibrary/TestGetListofOrder/bin/Debug/TestGetListofOrder.DLL" adapterTypeName="Microsoft.VisualStudio.TestTools.TestTypes.Unit.UnitTestAdapter, Microsoft.VisualStudio.QualityTools.Tips.UnitTest.Adapter, Version=10.0.0.0, Culture=neutral, PublicKeyToken=b03f5f7f11d50a3a" className="TestGetListofOrder.SaleStaffDAOTest, TestGetListofOrder, Version=1.0.0.0, Culture=neutral, PublicKeyToken=null" name="CreateLocalOrderTest1" />
    </UnitTest>
  </TestDefinitions>
  <TestLists>
    <TestList name="Results Not in a List" id="8c84fa94-04c1-424b-9868-57a2d4851a1d" />
    <TestList name="All Loaded Results" id="19431567-8539-422a-85d7-44ee4e166bda" />
  </TestLists>
  <TestEntries>
    <TestEntry testId="568dbc47-0d9c-1400-2271-bceeb3d3583b" executionId="3a838a97-42d5-4d26-b641-9d175638ca10" testListId="8c84fa94-04c1-424b-9868-57a2d4851a1d" />
  </TestEntries>
  <Results>
    <UnitTestResult executionId="3a838a97-42d5-4d26-b641-9d175638ca10" testId="568dbc47-0d9c-1400-2271-bceeb3d3583b" testName="CreateLocalOrderTest1" computerName="DHAMMMIE-PC" duration="00:00:00.1665525" startTime="2012-04-15T18:03:06.2907158+07:00" endTime="2012-04-15T18:03:06.8707490+07:00" testType="13cdc9d9-ddb5-4fa4-a97d-d965ccfc6d4b" outcome="Failed" testListId="8c84fa94-04c1-424b-9868-57a2d4851a1d" relativeResultsDirectory="3a838a97-42d5-4d26-b641-9d175638ca10">
      <Output>
        <ErrorInfo>
          <Message>Test method TestGetListofOrder.SaleStaffDAOTest.CreateLocalOrderTest1 threw exception: 
System.Data.SqlClient.SqlException: Cannot insert the value NULL into column 'OrderID', table 'Cosmetics.dbo.LocalOrderDetails'; column does not allow nulls. INSERT fails.
The statement has been terminated.</Message>
          <StackTrace>    at System.Data.SqlClient.SqlConnection.OnError(SqlException exception, Boolean breakConnection)
   at System.Data.SqlClient.SqlInternalConnection.OnError(SqlException exception, Boolean breakConnection)
   at System.Data.SqlClient.TdsParser.ThrowExceptionAndWarning()
   at System.Data.SqlClient.TdsParser.Run(RunBehavior runBehavior, SqlCommand cmdHandler, SqlDataReader dataStream, BulkCopySimpleResultSet bulkCopyHandler, TdsParserStateObject stateObj)
   at System.Data.SqlClient.SqlCommand.RunExecuteNonQueryTds(String methodName, Boolean async)
   at System.Data.SqlClient.SqlCommand.InternalExecuteNonQuery(DbAsyncResult result, String methodName, Boolean sendToPipe)
   at System.Data.SqlClient.SqlCommand.ExecuteNonQuery()
   at CosmeticsLibrary.DAO.SQLUtility.ExecuteNonQuery(String Query) in C:\Users\dhammmie\Documents\DIS Coursework\CosmeticsLibrary\CosmeticsLibrary\DAO\SQLUtility.cs:line 45
   at CosmeticsLibrary.DAO.SaleStaffDAO.CreateLocalOrder(Guid OrderID, DateTime OrderDate, Int32 EmployeeID, Int32 CustomerID, Int32 StoreID) in C:\Users\dhammmie\Documents\DIS Coursework\CosmeticsLibrary\CosmeticsLibrary\DAO\SaleStaffDAO.cs:line 63
   at TestGetListofOrder.SaleStaffDAOTest.CreateLocalOrderTest1() in C:\Users\dhammmie\Documents\DIS Coursework\CosmeticsLibrary\TestGetListofOrder\SaleStaffDAOTest.cs:line 117
</StackTrace>
        </ErrorInfo>
      </Output>
    </UnitTestResult>
  </Results>
</TestRun>