<?xml version="1.0" encoding="UTF-8"?>
<TestRun id="7d3b321e-5323-4b28-8082-c93fc8d69b84" name="dhammmie@DHAMMMIE-PC 2012-04-18 23:38:59" runUser="DHAMMMIE-PC\dhammmie" xmlns="http://microsoft.com/schemas/VisualStudio/TeamTest/2010">
  <TestSettings name="Local" id="6c3cd39d-bb03-4696-86f9-e133fe9b21db">
    <Description>These are default test settings for a local test run.</Description>
    <Deployment enabled="false" runDeploymentRoot="dhammmie_DHAMMMIE-PC 2012-04-18 23_38_59">
      <DeploymentItem filename="c:\Users\dhammmie\Documents\DIS Coursework\CosmeticsLibrary\CosmeticsLibrary\bin\Debug\CosmeticsLibrary.dll" />
    </Deployment>
    <Execution>
      <TestTypeSpecific />
      <AgentRule name="Execution Agents">
      </AgentRule>
    </Execution>
  </TestSettings>
  <Times creation="2012-04-18T23:38:59.8259544+07:00" queuing="2012-04-18T23:39:02.5461100+07:00" start="2012-04-18T23:39:04.1512018+07:00" finish="2012-04-18T23:39:07.3683858+07:00" />
  <ResultSummary outcome="Failed">
    <Counters total="1" executed="1" error="0" failed="1" timeout="0" aborted="0" inconclusive="0" passedButRunAborted="0" notRunnable="0" notExecuted="0" disconnected="0" warning="0" passed="0" completed="0" inProgress="0" pending="0" />
  </ResultSummary>
  <TestDefinitions>
    <UnitTest name="GetEmployeeStoreTest" storage="c:\users\dhammmie\documents\dis coursework\cosmeticslibrary\testgetlistoforder\bin\debug\testgetlistoforder.dll" id="3d141174-3802-9c96-f193-318a5e8ed394">
      <Execution id="ff5b035c-89dc-4a39-aa35-283b9badaed9" />
      <TestMethod codeBase="c:/Users/dhammmie/Documents/DIS Coursework/CosmeticsLibrary/TestGetListofOrder/bin/Debug/TestGetListofOrder.DLL" adapterTypeName="Microsoft.VisualStudio.TestTools.TestTypes.Unit.UnitTestAdapter, Microsoft.VisualStudio.QualityTools.Tips.UnitTest.Adapter, Version=10.0.0.0, Culture=neutral, PublicKeyToken=b03f5f7f11d50a3a" className="TestGetListofOrder.SaleStaffDAOTest, TestGetListofOrder, Version=1.0.0.0, Culture=neutral, PublicKeyToken=null" name="GetEmployeeStoreTest" />
    </UnitTest>
  </TestDefinitions>
  <TestLists>
    <TestList name="Results Not in a List" id="8c84fa94-04c1-424b-9868-57a2d4851a1d" />
    <TestList name="All Loaded Results" id="19431567-8539-422a-85d7-44ee4e166bda" />
  </TestLists>
  <TestEntries>
    <TestEntry testId="3d141174-3802-9c96-f193-318a5e8ed394" executionId="ff5b035c-89dc-4a39-aa35-283b9badaed9" testListId="8c84fa94-04c1-424b-9868-57a2d4851a1d" />
  </TestEntries>
  <Results>
    <UnitTestResult executionId="ff5b035c-89dc-4a39-aa35-283b9badaed9" testId="3d141174-3802-9c96-f193-318a5e8ed394" testName="GetEmployeeStoreTest" computerName="DHAMMMIE-PC" duration="00:00:01.0284664" startTime="2012-04-18T23:39:04.3692143+07:00" endTime="2012-04-18T23:39:07.1463731+07:00" testType="13cdc9d9-ddb5-4fa4-a97d-d965ccfc6d4b" outcome="Failed" testListId="8c84fa94-04c1-424b-9868-57a2d4851a1d" relativeResultsDirectory="ff5b035c-89dc-4a39-aa35-283b9badaed9">
      <Output>
        <ErrorInfo>
          <Message>Test method TestGetListofOrder.SaleStaffDAOTest.GetEmployeeStoreTest threw exception: 
System.InvalidCastException: Specified cast is not valid.</Message>
          <StackTrace>    at System.Data.SqlClient.SqlBuffer.get_Int32()
   at System.Data.SqlClient.SqlDataReader.GetInt32(Int32 i)
   at CosmeticsLibrary.DAO.SaleStaffDAO.GetEmployeeStore(Int32 employeeID) in c:\Users\dhammmie\Documents\DIS Coursework\CosmeticsLibrary\CosmeticsLibrary\DAO\SaleStaffDAO.cs:line 143
   at TestGetListofOrder.SaleStaffDAOTest.GetEmployeeStoreTest() in c:\Users\dhammmie\Documents\DIS Coursework\CosmeticsLibrary\TestGetListofOrder\SaleStaffDAOTest.cs:line 172
</StackTrace>
        </ErrorInfo>
      </Output>
    </UnitTestResult>
  </Results>
</TestRun>